## INTRO:
sec:howtouse	sec:intro:howtouse
sec:context	sec:intro:context
sec:overview	sec:intro:overview
sec:evaluations	sec:intro:evaluations
sec:furtherreading	sec:intro:furtherreading
sec:developing	sec:intro:developing
sec:builtin-components	sec:intro:builtin-components
sec:additional	sec:intro:additional
sec:example	sec:intro:example
## GETTINGSTARTED:
sec:howto:download	sec:gettingstarted:download
sec:howto:install	sec:gettingstarted:install
sec:howto:svn	sec:gettingstarted:svn
sec:howto:sysprop	sec:gettingstarted:sysprop
sec:howto:gateconfig	sec:gettingstarted:gateconfig
sec:howto:build	sec:gettingstarted:build
## DEVELOPER:
sect:gui	sec:developer:gui
sect:documenteditor	sec:developer:documenteditor
sect:annotationsetsview	sec:developer:annotationsetsview
sect:annotationslistview	sec:developer:annotationslistview
sect:annotationsstackview	sec:developer:annotationsstackview
sect:coreferenceeditor	sec:developer:coreferenceeditor
sec:howto:plugins	sec:developer:plugins
sec:howto:loadlr	sec:developer:loadlr
sec:howto:creoleresources	sec:developer:creoleresources
sec:howto:apps	sec:developer:apps
sec:howto:annie	sec:developer:annie
sec:howto:modifyannie	sec:developer:modifyannie
sec:howto:cond	sec:developer:cond
sec:howto:annotations	sec:developer:annotations
sec:howto:edit	sec:developer:edit
sec:howto:schemaannotationeditor	sec:developer:schemaannotationeditor
sec:howto:schemas	sec:developer:schemas
sec:howto:saving	sec:developer:saving
sec:howto:dump	sec:developer:dump
sec:howto:datastores	sec:developer:datastores
sec:howto:savestate	sec:developer:savestate
sec:howto:export	sec:developer:export
sec:howto:misc	sec:developer:misc
sec:howto:deletesession	sec:developer:deletesession
sec:howto:unicode	sec:developer:unicode
sec:howto:maven	sec:developer:maven
sec:howto:apps	sec:developer:apps
## CREOLE:
sec:creoleweb	sec:creole-model:creoleweb
sec:beans	sec:creole-model:beans
sec:framework	sec:creole-model:framework
sec:lrpr	sec:design:components
sec:lifecycle	sec:creole-model:lifecycle
sec:applications	sec:creole-model:applications
sec:datastores	sec:creole-model:datastores
sec:builtins	sec:creole-model:builtins
## CORPORA:
sec:features	sec:corpora:features
sec:corpora	sec:corpora:corpora
sec:documents	sec:corpora:documents
sec:dags	sec:corpora:dags
sec:schemas	sec:corpora:schemas
sec:ann-examples	sec:corpora:ann-examples
sec:viewing	sec:corpora:viewing
sec:formats	sec:corpora:formats
subsect:DetectingTheReader	sec:corpora:detecting-reader
subsect:xml	sec:corpora:xml
subsubsect:input	sec:corpora:input
subsubsect:output	sec:corpora:output
sec:saveasxml	sec:corpora:saveasxml
sec:xml	sec:corpora:xmlinout
## ANNIE:
sec:misc-creole:reset	sec:annie:reset
sec:tokeniser	sec:annie:tokeniser
sec:en-tokeniser	sec:annie:en-tokeniser
sec:gazetteer	sec:annie:gazetteer
sec:splitter	sec:annie:splitter
sec:regex-splitter	sec:annie:regex-splitter
sec:tagger	sec:annie:tagger
sec:semantic-tagger	sec:annie:semantic-tagger
sec:annie-example	sec:annie:annie-example
## API:
sec:howto:embed	sec:api:embed
sect:factory	sec:api:factory
sec:howto:plugins	sec:api:plugins
sect:lr	sec:api:lr
subsect:features	sec:api:features
subsect:annSets	sec:api:ann-sets
subsect:annotations	sec:api:annotations
subsect:corpora	sec:api:corpora
sect:PRs	sec:api:pr
sect:controllers	sec:api:controllers
sect:persisApps	sec:api:persistent
sec:howto:schemas	sec:api:schemas
sec:howto:bootstrap	sec:api:bootstrap
sec:howto:format	sec:api:format
sec:howto:multithread	sec:api:multithread
sec:howto:spring	sec:api:spring
sec:howto:tomcat	sec:api:tomcat
sec:howto:groovy	sec:api:groovy
## EVAL:
sec:eval	chap:eval
sec:gui:metrics	sec:eval:metrics
sec:gui:benchmarktoolrelation	sec:eval:benchmarktoolrelation
sec:gui:iaa	sec:eval:iaa
sec:gui:annotationdiff	sec:eval:annotationdiff
sec:howto:adiff	sec:eval:adiff
sec:gui:corpusqualityassurance	sec:eval:corpusqualityassurance
sec:gui:benchmarktool	sec:eval:benchmarktool
sec:howto:benchmarktool	sec:eval:howto-benchmarktool
sec:howto:corpustoolproperties	sec:eval:corpustoolproperties
sec:gui:iaaplugin	sec:eval:iaaplugin
sec:gui:bdmplugin	sec:eval:bdmplugin
## GAZETTEERS:
sect:gaze	sec:gazetteers:gaze
sect:ontogaz	sec:gazetteers:ontogaz
subsect:lists_editor	sec:gazetteers:lists_editor
subsect:onto_editor	sec:gazetteers:onto_editor
sect:misc-creole:ontotext	sec:gazetteers:ontotext
sec:misc-creole:flexgazetteer	sec:gazetteers:flexgazetteer
sec:misc-creole:listscollector	sec:gazetteers:listscollector
sec:misc-creole:ontoRootGaz	sec:gazetteers:ontoRootGaz
sec:misc-creole:ontoRootGaz:howDoesItWork	sec:gazetteers:ontoRootGaz:howDoesItWork
sec:misc-creole:ontoRootGaz:init	sec:gazetteers:ontoRootGaz:init
## ONTOLOGIES:
chapt:ontologies	chap:ontologies
sec:ocat:view	sec:ontologies:ocat:view
sec:ocat:options	sec:ontologies:ocat:options
sec:ocat:editing	sec:ontologies:ocat:editing
sec:ocat:add	sec:ontologies:ocat:add
## ML:
chapt:mlapi	chap:ml
subsect-ml-g	sec:ml:generalities
sect:learningpr	sec:ml:batch-learning-pr
subsect-ml-conf	sec:ml:batch-conf
sect-setting-1	sec:ml:batch-not-conf
subsect-settings	sec:ml:batch-in-conf
subsect-ml-ex	sec:ml:batch-case-studies
subsect-ml-how	sec:ml:howto
sect-ml-output	sec:ml:batch-output
subsect-ml-feat	sec:ml:feature
sect:machinelearningpr	sec:ml:machine-learning-pr
sect:ml	sec:ml:machine-learning-pr
sect:maxent	sec:ml:maxent
sect:svmlight	sec:ml:svmlight
## ALIGNMENT:
chapt:alignment	chap:alignment
sec:howto:segment-processing	sec:alignment:segment-processing
## PARSERS:
sec:misc-creole:vgchunker	sec:parsers:vgchunker
sec:misc-creole:npchunker	sec:parsers:npchunker
sec:misc-creole:treetagger	sec:parsers:treetagger
sec:misc-creole:taggerframework	sec:parsers:taggerframework
sec:misc-creole:stemmer	sec:parsers:stemmer
sec:misc-creole:morpher	sec:parsers:morpher
sec:misc-creole:morpher:rules	sec:parsers:morpher:rules
sec:misc-creole:minipar	sec:parsers:minipar
sec:misc-creole:rasp	sec:parsers:rasp
sec:misc-creole:supple	sec:parsers:supple
sec:misc-creole:buchart	sec:parsers:buchart
sec:supple:treeviewer	sec:parsers:supple:treeviewer
sec:supple:properties	sec:parsers:supple:properties
sec:supple:features	sec:parsers:supple:features
sec:supple:grammar	sec:parsers:supple:grammar
sec:misc-creole:stanford	sec:parsers:stanford
sec:misc-creole:chemistrytagger	sec:parsers:chemistrytagger
GR	sec:parsers:minipar:GR
## MISCCREOLE:
sect:ir	sec:misc-creole:ir
sect:wn	sec:misc-creole:wn
sec:complexity	sec:misc-creole:nlg:complexity
## JAPEIMPL:
sec:grammar	sec:japeimpl:grammar
sec:cpsl	sec:japeimpl:cpsl
sec:ruleappl	sec:japeimpl:ruleappl
sec:binding	sec:japeimpl:binding
sec:classes	sec:japeimpl:classes
sec:impl	sec:japeimpl:impl
sec:walkthrough	sec:japeimpl:walkthrough
sec:compilation	sec:japeimpl:compilation
sec:javacompiler	sec:japeimpl:javacompiler
## DESIGN
sec:design-patterns	sec:design:patterns
sec:components	sec:design:components
sec:mvc	sec:design:mvc
sec:interfaces	sec:design:interfaces
sec:exceptions	sec:design:exceptions
## Twitter
sec:creole:tweet	sec:social:twitter
sec:creole:tweetformat	sec:social:twitter:format
